u8DFatv8Y0g1T6oJq_8k8mAYnx1ElYV9kR1BGykvWvk=jBmJaP9fpFt6s-hBKDmiTwTob5e-np87T7wAXbgvYvg=8i2DfbxXRlIwTmqSwUUMylWoLdIxRbEwrpe1ogt7Ksk=DtMpCTV8wpVwGCW7ARLpAL3-BG8dkv-pWgaUaevpgCU=dv4nPzSRzZLfUnTT0Ff14qu13Cvqn0Pv5RBbKYrrue8=9dB47MOLQtb9rVBu8Z_cXRn5RKtOB3g-Wwbd1i-u29c=GsTZJTOp4xgEPHhZUaWfCFX7QTJI91RJSxwT4oCfFKE=U-pxJIGdeqB0c7aSkuH3ElyUY2B3p_4tqHWs59jVjgY=tu2hf2NFmQ6f7oXueKSJLy0eXub1-064f2fmnb9mJk8=B12WIcJC0lUP43BlIAYCrFVE5PgtzgfNl0tnIDVL1N8=b8yesUf92Hpj0UzBHdCpKsmkFwItjlk8rYegM8DOUp0=Pc-pTLyiZO5rEqPil-aXLdYP7VCrqCCf8g1o6epJnpw=I9LwHBPCqmirmVby0kgHSgPBIzgdHagjCJ_r4TymeEM=VyOs4_23Pqm72vsRKPyD4O1LPEPlxu2E4UUbTSqwzwg=OTdMd31DLL-4hbm7mNycKcUL2J1-hg1AcT0YVtV5EfI=1GVlOUL1TyDdAgx-mTDz91tJq77EL6WCK9QhJ2948U8=SP4mfPZUEVJSGvR-4ce0kMQErdOcGqVrtF-WWF-XwYc=aIoH23gABCHPmdaAyk-cePUqJUHH8jF4U4tfqcw2UJY=RNrcEc9CabKm32YRgz_qO0GKR7doM3nRHGA-soNAxVc=wKLcnkpCmCBWdo_jYyHCSogybZndNof3xjdG6oWa-J8=